(4 * (11 - (1 + 4)))
(4 * ((11 - 1) - 4))
(4 * (11 - (4 + 1)))
(4 * ((11 - 4) - 1))
((11 - (1 + 4)) * 4)
(((11 - 1) - 4) * 4)
((11 - (4 + 1)) * 4)
(((11 - 4) - 1) * 4)
