((1 - 9) * (10 - 13))
((9 - 1) * (13 - 10))
((10 - 13) * (1 - 9))
((13 - 10) * (9 - 1))
